
/home/runner/work/exp-fracture-toughness-iitk/exp-fracture-toughness-iitk/experiment/simulation/js/main.js
    1:10  warning  'openProcedure' is defined but never used          no-unused-vars
    5:10  warning  'closeProcedure' is defined but never used         no-unused-vars
    9:10  warning  'resetExperiment' is defined but never used        no-unused-vars
   19:5   warning  'pointerState' is assigned a value but never used  no-unused-vars
   20:5   warning  'animPhase' is assigned a value but never used     no-unused-vars
   29:5   warning  'crackdiv' is assigned a value but never used      no-unused-vars
   44:5   warning  'pointer' is assigned a value but never used       no-unused-vars
   49:10  warning  'display2d' is defined but never used              no-unused-vars
  147:10  warning  'showformula' is defined but never used            no-unused-vars
  151:10  warning  'closeFormula' is defined but never used           no-unused-vars
  158:10  warning  'textar' is defined but never used                 no-unused-vars
  175:10  warning  'submitIndent' is defined but never used           no-unused-vars
  220:10  warning  'movedown' is defined but never used               no-unused-vars
  439:10  warning  'showMaterialOptions' is defined but never used    no-unused-vars
  451:10  warning  'materialSelected' is defined but never used       no-unused-vars
  461:10  warning  'showIndentPanel' is defined but never used        no-unused-vars
  488:10  warning  'showResult' is defined but never used             no-unused-vars
  493:10  warning  'closeResult' is defined but never used            no-unused-vars
  505:10  warning  'nextSlide' is defined but never used              no-unused-vars
  509:10  warning  'prevSlide' is defined but never used              no-unused-vars
  515:10  warning  'showConclusion' is defined but never used         no-unused-vars
  519:10  warning  'closeConclusion' is defined but never used        no-unused-vars
  548:10  warning  'openCrackMeasure' is defined but never used       no-unused-vars
  585:10  warning  'openCrackTableSlide' is defined but never used    no-unused-vars
  589:10  warning  'closeCrackMeasure' is defined but never used      no-unused-vars

✖ 25 problems (0 errors, 25 warnings)

